Testing dictionary comprehensions...
